2026-09-28T17:19:46Z [INFO ] chp-build.kanidm-lab-client1.sh 1.0.0 — command=plan run=20260928T171945Z spec=v0.1

CHANGE PLAN — CyberHygiene Lab — spec v0.1
-------------------------------------------------------------------------------
  Boundary                CHP-BND-01/02  write enumerated component list, record
                                         single-segment finding if flat
  Cryptography            CHP-CRY-01/02  verify OS FIPS policy inheritance; pin
                                         sshd to FIPS-permitted algorithms only
  Identity                CHP-IDA-01     sssd, deny undocumented local accounts
                          CHP-IDA-03     pam MFA on sshd, login (console) and sudo
                          CHP-IDA-04     pwquality + pwhistory + faillock
                          CHP-IDA-05     break-glass account chpbreak,
                                         bounded lockout (900s)
  Perimeter               CHP-NET-01     firewalld default-deny, enumerated: ssh
                          CHP-NET-02     auditd + AIDE + rsyslog alert path
                          CHP-NET-03     egress deny to non-permitted destinations
  Logging                 CHP-LOG-01     journald+rsyslog sized for 90d retention
                          CHP-LOG-02     chp-health timer every 15m
                          CHP-LOG-03     freshness+content checks on every periodic output
  Hardening               CHP-END-01/02  OpenSCAP baseline, Sun 02:30, retained series
                          CHP-END-03     fapolicyd execution control, usbguard media control
  Evidence                CHP-EVD-01..04 evidence timer (daily),
                                         re-verification cycle 90d
  Backup                  CHP-BAK-01/02  backup job + restoration-proof ledger,
                                         offline copy reachability test
  Assisted administration CHP-AIA-*      NOT IMPLEMENTED on this host.
                                         Inference peer (not yet declared)
                                         recorded as planned — marked planned
                                         per CHP-EVD-04, excluded from conformance,
                                         gated on a CHP-AIA-03 acceptance test.

  Not performed by this script: OS install, partitioning, FIPS enablement,
  LUKS creation, reboots.

  Config backups for this run: /var/lib/chp-spec/config-backups/20260928T171945Z/
  Rollback:                    chp-build.kanidm-lab-client1.sh rollback 20260928T171945Z
-------------------------------------------------------------------------------
