LAB SHIMS ACTIVE: authselect firewall-cmd 
2026-09-28T18:10:42Z [INFO ] chp-build.kanidm-lab-client1.sh 1.0.0 — command=verify run=20260928T181042Z spec=v0.1

VERIFY — CHP-SPEC v0.1 conformance suite
-------------------------------------------------------------------------------

4.1 Boundary
-------------------------------------------------------------------------------
  [ NOT MET ] CHP-BND-01     Undeclared hosts observed: 192.168.100.1 192.168.100.10 192.168.100.2 
  [ MET     ] CHP-BND-02     Topology documented as 'flat'; 1 global IPv4 address(es) on 1 interface(s) up. Consistent.

4.2 Cryptography
-------------------------------------------------------------------------------
  [ NOT MET ] CHP-CRY-01     fips_enabled=1, policy=FIPS, non-FIPS cipher: NEGOTIATED-OR-INCONCLUSIVE, FIPS cipher: accepted.
  [ NOT MET ] CHP-CRY-02     All devices encrypted, but the off-host mount test is absent. Encryption is confirmed; unreadability elsewhere is not.
  [ MET     ] CHP-CRY-03     One exclusion recorded: model-assisted administration stack excluded under CHP-CRY-01 and CHP-NET-03, with reasons.

4.3 Identity and authentication
-------------------------------------------------------------------------------
  [ NOT MET ] CHP-IDA-01     Undocumented interactive accounts: itadmin
  [ MET     ] CHP-IDA-02     directory=sssd(inactive
inactive, client), dns=inactive
inactive
external, kerberos=configured, CA=external. No all-in-one identity product installed.
  [ NOT MET ] CHP-IDA-03     sshd single-factor attempt was not clearly refused; 
2026-09-28T18:10:43Z [INFO ] wrote /usr/local/libexec/chp/pwtest.py
2026-09-28T18:10:45Z [ERROR] aborted at line 2214 (exit 1). Config backups: /var/lib/chp-spec/config-backups/20260928T181042Z.manifest
2026-09-28T18:10:45Z [ERROR] Nothing after this point was applied. Re-run after correcting the fault;
2026-09-28T18:10:45Z [ERROR] this script is idempotent and safe to re-run.
